{"level":"info","message":"Background Job Workers Initialized","timestamp":"2026-02-11 00:58:21"}
{"level":"error","message":"[GET] /health >> Unhandled Error:: unexpected reply from redis client","stack":"TypeError: unexpected reply from redis client\n    at RedisStore.loadIncrementScript (C:\\Users\\sama\\OneDrive\\Desktop\\Ganges\\backend\\node_modules\\rate-limit-redis\\dist\\index.cjs:108:13)\n    at processTicksAndRejections (node:internal/process/task_queues:103:5)\n    at evalCommand (C:\\Users\\sama\\OneDrive\\Desktop\\Ganges\\backend\\node_modules\\rate-limit-redis\\dist\\index.cjs:136:9)","timestamp":"2026-02-11 00:58:21"}
node.exe : (node:15748) Pr
omiseRejectionHandledWarni
ng: Promise rejection was 
handled asynchronously 
(rejection id: 1)
At line:1 char:1
+ & "C:\Program 
Files\nodejs/node.exe" 
"C:\Program 
Files\nodejs/node_mo ...
+ ~~~~~~~~~~~~~~~~~~~~~~~~
~~~~~~~~~~~~~~~~~~~~~~~~~~
~~~~~~~~~~~~~~~~~~~
    + CategoryInfo        
      : NotSpecified: ((  
  node:15748) Pr...ejec   
 tion id: 1):String) [    
], RemoteException
    + FullyQualifiedError 
   Id : NativeCommandErr  
  or
 
(Use `node 
--trace-warnings ...` to 
show where the warning 
was created)
{"level":"error","message":"[GET] /health >> Unhandled Error:: unexpected reply from redis client","stack":"TypeError: unexpected reply from redis client\n    at RedisStore.loadIncrementScript (C:\\Users\\sama\\OneDrive\\Desktop\\Ganges\\backend\\node_modules\\rate-limit-redis\\dist\\index.cjs:108:13)\n    at processTicksAndRejections (node:internal/process/task_queues:103:5)\n    at evalCommand (C:\\Users\\sama\\OneDrive\\Desktop\\Ganges\\backend\\node_modules\\rate-limit-redis\\dist\\index.cjs:136:9)","timestamp":"2026-02-11 00:58:21"}
{"level":"error","message":"[GET] /api/v1/user/profile >> Unhandled Error:: unexpected reply from redis client","stack":"TypeError: unexpected reply from redis client\n    at RedisStore.loadIncrementScript (C:\\Users\\sama\\OneDrive\\Desktop\\Ganges\\backend\\node_modules\\rate-limit-redis\\dist\\index.cjs:108:13)\n    at processTicksAndRejections (node:internal/process/task_queues:103:5)\n    at evalCommand (C:\\Users\\sama\\OneDrive\\Desktop\\Ganges\\backend\\node_modules\\rate-limit-redis\\dist\\index.cjs:136:9)","timestamp":"2026-02-11 00:58:21"}
FAIL tests/api.test.ts 
(5.877 s)
  Health Check API
    ├ù should return 200 
OK for /health (96 ms)
  Security Middlewares
    ΓêÜ should have 
security headers (Helmet) 
(18 ms)
    ├ù should return 401 
for protected routes 
without token (16 ms)

  ΓùÅ Health Check API 
ΓÇ║ should return 200 OK 
for /health

    TypeError: unexpected 
reply from redis client

      at RedisStore.loadIn
crementScript (node_module
s/rate-limit-redis/dist/in
dex.cjs:108:13)

  ΓùÅ Health Check API 
ΓÇ║ should return 200 OK 
for /health

    TypeError: unexpected 
reply from redis client

      at 
RedisStore.loadGetScript (
node_modules/rate-limit-re
dis/dist/index.cjs:122:13)

  ΓùÅ Health Check API 
ΓÇ║ should return 200 OK 
for /health

    expect(received).toEqu
al(expected) // deep 
equality

    Expected: 200
    Received: 500

    [0m [90m  5 |[39m  
   it([32m'should return 
200 OK for 
/health'[39m[33m,[39m 
[36masync[39m () 
[33m=>[39m {
     [90m  6 |[39m      
   [36mconst[39m res 
[33m=[39m 
[36mawait[39m request(ap
p)[33m.[39m[36mget[39m
([32m'/health'[39m)[33m
;[39m
    
[31m[1m>[22m[39m[90m 
 7 |[39m         expect(r
es[33m.[39mstatusCode)[
33m.[39mtoEqual([35m200
[39m)[33m;[39m
     [90m    |[39m      
                          
[31m[1m^[22m[39m
     [90m  8 |[39m      
   expect(res[33m.[39mbo
dy[33m.[39msuccess)[33m
.[39mtoBe([36mtrue[39m)
[33m;[39m
     [90m  9 |[39m     
})[33m;[39m
     [90m 10 |[39m 
})[33m;[39m[0m

      at 
Object.<anonymous> 
(tests/api.test.ts:7:32)

  ΓùÅ Security 
Middlewares ΓÇ║ should 
return 401 for protected 
routes without token

    expect(received).toEqu
al(expected) // deep 
equality

    Expected: 401
    Received: 500

    [0m [90m 19 |[39m  
   it([32m'should return 
401 for protected routes 
without 
token'[39m[33m,[39m 
[36masync[39m () 
[33m=>[39m {
     [90m 20 |[39m      
   [36mconst[39m res 
[33m=[39m 
[36mawait[39m request(ap
p)[33m.[39m[36mget[39m
([32m'/api/v1/user/profil
e'[39m)[33m;[39m
    
[31m[1m>[22m[39m[90m 
21 |[39m         expect(r
es[33m.[39mstatusCode)[
33m.[39mtoEqual([35m401
[39m)[33m;[39m
     [90m    |[39m      
                          
[31m[1m^[22m[39m
     [90m 22 |[39m     
})[33m;[39m
     [90m 23 |[39m 
})[33m;[39m
     [90m 24 |[39m[0m

      at 
Object.<anonymous> 
(tests/api.test.ts:21:32)

Test Suites: 1 failed, 1 
total
Tests:       2 failed, 1 
passed, 3 total
Snapshots:   0 total
Time:        6.154 s
Ran all test suites 
matching 
/tests\\api.test.ts/i.
